// Jest Snapshot v1, https://goo.gl/fbAQLP

exports[`CardHeader atom tests CardHeader component render 1`] = `
<div
  class="card-header"
>
  <h2
    class="title"
  >
    This is a position
  </h2>
  <div
    class="job-details"
  >
    <div
      class="job-detail job-detail-company"
    >
      <i
        class="fas fa-building icon"
      />
      <span>
        This is a company
      </span>
    </div>
    <div
      class="job-detail job-detail-location"
    >
      <i
        class="fas fa-map-marker-alt icon"
      />
      <span>
        This is a location
      </span>
    </div>
    <div
      class="job-detail job-detail-contract"
    >
      <i
        class="fas fa-file-signature icon"
      />
      <span>
        This is a contract
      </span>
    </div>
  </div>
</div>
`;
